
> soltex@0.1.0 dev
> concurrently "npm run dev:server" "npm run dev:client"

[0] 
[0] > soltex@0.1.0 dev:server
[0] > node --watch server/index.js
[0] 
[1] 
[1] > soltex@0.1.0 dev:client
[1] > vite
[1] 
[1] 
[1]   [32m[1mVITE[22m v8.0.10[39m  [2mready in [0m[1m307[22m[2m[0m ms[22m
[1] 
[1]   [32m➜[39m  [1mLocal[22m:   [36mhttp://localhost:[1m3000[22m/[39m
[1] [2m  [32m➜[39m  [1mNetwork[22m[2m: use [22m[1m--host[22m[2m to expose[22m
[0] 
[0] 🌿 SolteX — LaTeX Editor Backend
[0] ────────────────────────────────────────
[0] ✅ TeX Live found: MiKTeX-pdfTeX 4.18 (MiKTeX 24.1)
[1] [2m11:13:19 PM[22m [31m[1m[vite][22m[39m [31mhttp proxy error: /api/projects/sample[39m
[1] AggregateError [ECONNREFUSED]: 
[1]     at internalConnectMultiple (node:net:1134:18)
[1]     at afterConnectMultiple (node:net:1715:7)
[1] [2m11:13:19 PM[22m [31m[1m[vite][22m[39m [31mhttp proxy error: /api/file?path=projects%2Fsample%2Fmain.tex[39m
[1] AggregateError [ECONNREFUSED]: 
[1]     at internalConnectMultiple (node:net:1134:18)
[1]     at afterConnectMultiple (node:net:1715:7)
[1] [2m11:13:19 PM[22m [31m[1m[vite][22m[39m [31mhttp proxy error: /api/projects/sample/files[39m
[1] AggregateError [ECONNREFUSED]: 
[1]     at internalConnectMultiple (node:net:1134:18)
[1]     at afterConnectMultiple (node:net:1715:7)
[1] [2m11:13:19 PM[22m [31m[1m[vite][22m[39m [31mhttp proxy error: /api/projects/sample/checkpoints[39m
[1] AggregateError [ECONNREFUSED]: 
[1]     at internalConnectMultiple (node:net:1134:18)
[1]     at afterConnectMultiple (node:net:1715:7)
[1] [2m11:13:19 PM[22m [31m[1m[vite][22m[39m [31mhttp proxy error: /api/projects[39m
[1] AggregateError [ECONNREFUSED]: 
[1]     at internalConnectMultiple (node:net:1134:18)
[1]     at afterConnectMultiple (node:net:1715:7)
[1] [2m11:13:19 PM[22m [31m[1m[vite][22m[39m [31mhttp proxy error: /api/projects/templates[39m
[1] AggregateError [ECONNREFUSED]: 
[1]     at internalConnectMultiple (node:net:1134:18)
[1]     at afterConnectMultiple (node:net:1715:7)
[0] ✅ latexmk found: Latexmk, John Collins, 15 June 2025. Version 4.87
[0] ────────────────────────────────────────
[0] 🚀 Server running on http://localhost:3000
[0] 
[0] Restarting 'server/index.js'
[0] 
[0] 🌿 SolteX — LaTeX Editor Backend
[0] ────────────────────────────────────────
[0] 🚀 Server running on http://localhost:3000
[0] ✅ TeX Live found: MiKTeX-pdfTeX 4.18 (MiKTeX 24.1)
[0] ✅ latexmk found: Latexmk, John Collins, 15 June 2025. Version 4.87
[0] ────────────────────────────────────────
[0] 
